// Jest Snapshot v1, https://goo.gl/fbAQLP

exports[`<Main /> should render the heading 1`] = `
<main>
  <h1>
    React Advanced
  </h1>
  <p>
    NextJS, ReactJS, TypeScript, Styled Components, TailwindCSS, daisyUI
  </p>
</main>
`
